// Jest Snapshot v1, https://goo.gl/fbAQLP

exports[`TodoText/TodoLabel renders the correct markup 1`] = `
"<p data-done=\\"true\\" class=\\"todo-label\\"><span>x</span> <span class=\\"todo-label__priority\\">(A)</span>
  <!----> <span class=\\"todo-label__creation-date\\">2020-05-11</span> <span class=\\"todo-label__title\\">Launch a unit test on a TodoLabel</span> <span class=\\"todo-label__projects\\">+dev +vuejs +recurring-todo</span> <span class=\\"todo-label__contexts\\">@jest @unit-test</span> <span class=\\"todo-label__extra\\">due:2020-05-13</span>
  <!---->
  <!---->
</p>"
`;
